[     281ms] [LOG] phx-GMst0jdKZN6BaQAM mount:  -  {0: Object, p: Object, s: 27, t: Themen} @ http://localhost:4000/assets/js/app.js:2
[   14159ms] [ERROR] WebSocket connection to 'ws://localhost:4000/phoenix/live_reload/socket/websocket?vsn=2.0.0' failed: Error in connection establishment: net::ERR_CONNECTION_REFUSED @ http://localhost:4000/phoenix/live_reload/frame:1384
[   14210ms] [ERROR] WebSocket connection to 'ws://localhost:4000/phoenix/live_reload/socket/websocket?vsn=2.0.0' failed: Error in connection establishment: net::ERR_CONNECTION_REFUSED @ http://localhost:4000/phoenix/live_reload/frame:1384
[   14311ms] [ERROR] WebSocket connection to 'ws://localhost:4000/phoenix/live_reload/socket/websocket?vsn=2.0.0' failed: Error in connection establishment: net::ERR_CONNECTION_REFUSED @ http://localhost:4000/phoenix/live_reload/frame:1384
[   14462ms] [ERROR] WebSocket connection to 'ws://localhost:4000/phoenix/live_reload/socket/websocket?vsn=2.0.0' failed: Error in connection establishment: net::ERR_CONNECTION_REFUSED @ http://localhost:4000/phoenix/live_reload/frame:1384
[   14663ms] [ERROR] WebSocket connection to 'ws://localhost:4000/phoenix/live_reload/socket/websocket?vsn=2.0.0' failed: Error in connection establishment: net::ERR_CONNECTION_REFUSED @ http://localhost:4000/phoenix/live_reload/frame:1384
[   14914ms] [ERROR] WebSocket connection to 'ws://localhost:4000/phoenix/live_reload/socket/websocket?vsn=2.0.0' failed: Error in connection establishment: net::ERR_CONNECTION_REFUSED @ http://localhost:4000/phoenix/live_reload/frame:1384
[   15415ms] [ERROR] WebSocket connection to 'ws://localhost:4000/phoenix/live_reload/socket/websocket?vsn=2.0.0' failed: Error in connection establishment: net::ERR_CONNECTION_REFUSED @ http://localhost:4000/phoenix/live_reload/frame:1384
[   16171ms] [ERROR] WebSocket connection to 'ws://localhost:4000/live/websocket?_csrf_token=DBIqYTkiBGUNA1YKHTFfeB9AN0VXMVoJFuP1IHB5hZ2_ia8-wtGvcCk1&_track_static%5B0%5D=http%3A%2F%2Flocalhost%3A4000%2Fassets%2Fcss%2Fapp.css&_track_static%5B1%5D=http%3A%2F%2Flocalhost%3A4000%2Fassets%2Fjs%2Fapp.js&_mounts=0&_mount_attempts=0&_live_referer=undefined&vsn=2.0.0' failed: Error in connection establishment: net::ERR_CONNECTION_REFUSED @ http://localhost:4000/assets/js/app.js:2
[   16416ms] [ERROR] WebSocket connection to 'ws://localhost:4000/phoenix/live_reload/socket/websocket?vsn=2.0.0' failed: Error in connection establishment: net::ERR_CONNECTION_REFUSED @ http://localhost:4000/phoenix/live_reload/frame:1384
[   18417ms] [ERROR] WebSocket connection to 'ws://localhost:4000/phoenix/live_reload/socket/websocket?vsn=2.0.0' failed: Error in connection establishment: net::ERR_CONNECTION_REFUSED @ http://localhost:4000/phoenix/live_reload/frame:1384
[   20246ms] [ERROR] WebSocket connection to 'ws://localhost:4000/live/websocket?_csrf_token=DBIqYTkiBGUNA1YKHTFfeB9AN0VXMVoJFuP1IHB5hZ2_ia8-wtGvcCk1&_track_static%5B0%5D=http%3A%2F%2Flocalhost%3A4000%2Fassets%2Fcss%2Fapp.css&_track_static%5B1%5D=http%3A%2F%2Flocalhost%3A4000%2Fassets%2Fjs%2Fapp.js&_mounts=0&_mount_attempts=0&_live_referer=undefined&vsn=2.0.0' failed: Error in connection establishment: net::ERR_CONNECTION_REFUSED @ http://localhost:4000/assets/js/app.js:2
[   23418ms] [ERROR] WebSocket connection to 'ws://localhost:4000/phoenix/live_reload/socket/websocket?vsn=2.0.0' failed: Error in connection establishment: net::ERR_CONNECTION_REFUSED @ http://localhost:4000/phoenix/live_reload/frame:1384
[   28397ms] [ERROR] WebSocket connection to 'ws://localhost:4000/live/websocket?_csrf_token=DBIqYTkiBGUNA1YKHTFfeB9AN0VXMVoJFuP1IHB5hZ2_ia8-wtGvcCk1&_track_static%5B0%5D=http%3A%2F%2Flocalhost%3A4000%2Fassets%2Fcss%2Fapp.css&_track_static%5B1%5D=http%3A%2F%2Flocalhost%3A4000%2Fassets%2Fjs%2Fapp.js&_mounts=0&_mount_attempts=0&_live_referer=undefined&vsn=2.0.0' failed: Error in connection establishment: net::ERR_CONNECTION_REFUSED @ http://localhost:4000/assets/js/app.js:2
[   28421ms] [ERROR] WebSocket connection to 'ws://localhost:4000/phoenix/live_reload/socket/websocket?vsn=2.0.0' failed: Error in connection establishment: net::ERR_CONNECTION_REFUSED @ http://localhost:4000/phoenix/live_reload/frame:1384
[   33423ms] [ERROR] WebSocket connection to 'ws://localhost:4000/phoenix/live_reload/socket/websocket?vsn=2.0.0' failed: Error in connection establishment: net::ERR_CONNECTION_REFUSED @ http://localhost:4000/phoenix/live_reload/frame:1384
[   38425ms] [ERROR] WebSocket connection to 'ws://localhost:4000/phoenix/live_reload/socket/websocket?vsn=2.0.0' failed: Error in connection establishment: net::ERR_CONNECTION_REFUSED @ http://localhost:4000/phoenix/live_reload/frame:1384
[   43429ms] [ERROR] WebSocket connection to 'ws://localhost:4000/phoenix/live_reload/socket/websocket?vsn=2.0.0' failed: Error in connection establishment: net::ERR_CONNECTION_REFUSED @ http://localhost:4000/phoenix/live_reload/frame:1384
[   44726ms] [ERROR] WebSocket connection to 'ws://localhost:4000/live/websocket?_csrf_token=DBIqYTkiBGUNA1YKHTFfeB9AN0VXMVoJFuP1IHB5hZ2_ia8-wtGvcCk1&_track_static%5B0%5D=http%3A%2F%2Flocalhost%3A4000%2Fassets%2Fcss%2Fapp.css&_track_static%5B1%5D=http%3A%2F%2Flocalhost%3A4000%2Fassets%2Fjs%2Fapp.js&_mounts=0&_mount_attempts=0&_live_referer=undefined&vsn=2.0.0' failed: Error in connection establishment: net::ERR_CONNECTION_REFUSED @ http://localhost:4000/assets/js/app.js:2
[   48433ms] [ERROR] WebSocket connection to 'ws://localhost:4000/phoenix/live_reload/socket/websocket?vsn=2.0.0' failed: Error in connection establishment: net::ERR_CONNECTION_REFUSED @ http://localhost:4000/phoenix/live_reload/frame:1384
[   53442ms] [ERROR] WebSocket connection to 'ws://localhost:4000/phoenix/live_reload/socket/websocket?vsn=2.0.0' failed: Error in connection establishment: net::ERR_CONNECTION_REFUSED @ http://localhost:4000/phoenix/live_reload/frame:1384
[   58449ms] [ERROR] WebSocket connection to 'ws://localhost:4000/phoenix/live_reload/socket/websocket?vsn=2.0.0' failed: Error in connection establishment: net::ERR_CONNECTION_REFUSED @ http://localhost:4000/phoenix/live_reload/frame:1384
[   63464ms] [ERROR] WebSocket connection to 'ws://localhost:4000/phoenix/live_reload/socket/websocket?vsn=2.0.0' failed: Error in connection establishment: net::ERR_CONNECTION_REFUSED @ http://localhost:4000/phoenix/live_reload/frame:1384
[   68483ms] [ERROR] WebSocket connection to 'ws://localhost:4000/phoenix/live_reload/socket/websocket?vsn=2.0.0' failed: Error in connection establishment: net::ERR_CONNECTION_REFUSED @ http://localhost:4000/phoenix/live_reload/frame:1384
[   73489ms] [ERROR] WebSocket connection to 'ws://localhost:4000/phoenix/live_reload/socket/websocket?vsn=2.0.0' failed: Error in connection establishment: net::ERR_CONNECTION_REFUSED @ http://localhost:4000/phoenix/live_reload/frame:1384
[   74749ms] [ERROR] WebSocket connection to 'ws://localhost:4000/live/websocket?_csrf_token=DBIqYTkiBGUNA1YKHTFfeB9AN0VXMVoJFuP1IHB5hZ2_ia8-wtGvcCk1&_track_static%5B0%5D=http%3A%2F%2Flocalhost%3A4000%2Fassets%2Fcss%2Fapp.css&_track_static%5B1%5D=http%3A%2F%2Flocalhost%3A4000%2Fassets%2Fjs%2Fapp.js&_mounts=0&_mount_attempts=0&_live_referer=undefined&vsn=2.0.0' failed: Error in connection establishment: net::ERR_CONNECTION_REFUSED @ http://localhost:4000/assets/js/app.js:2
[   78520ms] [ERROR] WebSocket connection to 'ws://localhost:4000/phoenix/live_reload/socket/websocket?vsn=2.0.0' failed: Error in connection establishment: net::ERR_CONNECTION_REFUSED @ http://localhost:4000/phoenix/live_reload/frame:1384
[   83559ms] [ERROR] WebSocket connection to 'ws://localhost:4000/phoenix/live_reload/socket/websocket?vsn=2.0.0' failed: Error in connection establishment: net::ERR_CONNECTION_REFUSED @ http://localhost:4000/phoenix/live_reload/frame:1384
[   88601ms] [ERROR] WebSocket connection to 'ws://localhost:4000/phoenix/live_reload/socket/websocket?vsn=2.0.0' failed: Error in connection establishment: net::ERR_CONNECTION_REFUSED @ http://localhost:4000/phoenix/live_reload/frame:1384
[   93671ms] [ERROR] WebSocket connection to 'ws://localhost:4000/phoenix/live_reload/socket/websocket?vsn=2.0.0' failed: Error in connection establishment: net::ERR_CONNECTION_REFUSED @ http://localhost:4000/phoenix/live_reload/frame:1384
[   98714ms] [ERROR] WebSocket connection to 'ws://localhost:4000/phoenix/live_reload/socket/websocket?vsn=2.0.0' failed: Error in connection establishment: net::ERR_CONNECTION_REFUSED @ http://localhost:4000/phoenix/live_reload/frame:1384
[  103760ms] [ERROR] WebSocket connection to 'ws://localhost:4000/phoenix/live_reload/socket/websocket?vsn=2.0.0' failed: Error in connection establishment: net::ERR_CONNECTION_REFUSED @ http://localhost:4000/phoenix/live_reload/frame:1384
[  104830ms] [ERROR] WebSocket connection to 'ws://localhost:4000/live/websocket?_csrf_token=DBIqYTkiBGUNA1YKHTFfeB9AN0VXMVoJFuP1IHB5hZ2_ia8-wtGvcCk1&_track_static%5B0%5D=http%3A%2F%2Flocalhost%3A4000%2Fassets%2Fcss%2Fapp.css&_track_static%5B1%5D=http%3A%2F%2Flocalhost%3A4000%2Fassets%2Fjs%2Fapp.js&_mounts=0&_mount_attempts=0&_live_referer=undefined&vsn=2.0.0' failed: Error in connection establishment: net::ERR_CONNECTION_REFUSED @ http://localhost:4000/assets/js/app.js:2
[  108802ms] [ERROR] WebSocket connection to 'ws://localhost:4000/phoenix/live_reload/socket/websocket?vsn=2.0.0' failed: Error in connection establishment: net::ERR_CONNECTION_REFUSED @ http://localhost:4000/phoenix/live_reload/frame:1384
[  113914ms] [ERROR] WebSocket connection to 'ws://localhost:4000/phoenix/live_reload/socket/websocket?vsn=2.0.0' failed: Error in connection establishment: net::ERR_CONNECTION_REFUSED @ http://localhost:4000/phoenix/live_reload/frame:1384
[  119010ms] [ERROR] WebSocket connection to 'ws://localhost:4000/phoenix/live_reload/socket/websocket?vsn=2.0.0' failed: Error in connection establishment: net::ERR_CONNECTION_REFUSED @ http://localhost:4000/phoenix/live_reload/frame:1384
[  124193ms] [ERROR] WebSocket connection to 'ws://localhost:4000/phoenix/live_reload/socket/websocket?vsn=2.0.0' failed: Error in connection establishment: net::ERR_CONNECTION_REFUSED @ http://localhost:4000/phoenix/live_reload/frame:1384
[  129454ms] [ERROR] WebSocket connection to 'ws://localhost:4000/phoenix/live_reload/socket/websocket?vsn=2.0.0' failed: Error in connection establishment: net::ERR_CONNECTION_REFUSED @ http://localhost:4000/phoenix/live_reload/frame:1384
[  134796ms] [ERROR] WebSocket connection to 'ws://localhost:4000/phoenix/live_reload/socket/websocket?vsn=2.0.0' failed: Error in connection establishment: net::ERR_CONNECTION_REFUSED @ http://localhost:4000/phoenix/live_reload/frame:1384
[  135343ms] [ERROR] WebSocket connection to 'ws://localhost:4000/live/websocket?_csrf_token=DBIqYTkiBGUNA1YKHTFfeB9AN0VXMVoJFuP1IHB5hZ2_ia8-wtGvcCk1&_track_static%5B0%5D=http%3A%2F%2Flocalhost%3A4000%2Fassets%2Fcss%2Fapp.css&_track_static%5B1%5D=http%3A%2F%2Flocalhost%3A4000%2Fassets%2Fjs%2Fapp.js&_mounts=0&_mount_attempts=0&_live_referer=undefined&vsn=2.0.0' failed: Error in connection establishment: net::ERR_CONNECTION_REFUSED @ http://localhost:4000/assets/js/app.js:2
[  140193ms] [ERROR] WebSocket connection to 'ws://localhost:4000/phoenix/live_reload/socket/websocket?vsn=2.0.0' failed: Error in connection establishment: net::ERR_CONNECTION_REFUSED @ http://localhost:4000/phoenix/live_reload/frame:1384
[  145502ms] [ERROR] WebSocket connection to 'ws://localhost:4000/phoenix/live_reload/socket/websocket?vsn=2.0.0' failed: Error in connection establishment: net::ERR_CONNECTION_REFUSED @ http://localhost:4000/phoenix/live_reload/frame:1384
[  151044ms] [ERROR] WebSocket connection to 'ws://localhost:4000/phoenix/live_reload/socket/websocket?vsn=2.0.0' failed: Error in connection establishment: net::ERR_CONNECTION_REFUSED @ http://localhost:4000/phoenix/live_reload/frame:1384
[  157119ms] [ERROR] WebSocket connection to 'ws://localhost:4000/phoenix/live_reload/socket/websocket?vsn=2.0.0' failed: Error in connection establishment: net::ERR_CONNECTION_REFUSED @ http://localhost:4000/phoenix/live_reload/frame:1384
[  163599ms] [ERROR] WebSocket connection to 'ws://localhost:4000/phoenix/live_reload/socket/websocket?vsn=2.0.0' failed: Error in connection establishment: net::ERR_CONNECTION_REFUSED @ http://localhost:4000/phoenix/live_reload/frame:1384
[  166071ms] [ERROR] WebSocket connection to 'ws://localhost:4000/live/websocket?_csrf_token=DBIqYTkiBGUNA1YKHTFfeB9AN0VXMVoJFuP1IHB5hZ2_ia8-wtGvcCk1&_track_static%5B0%5D=http%3A%2F%2Flocalhost%3A4000%2Fassets%2Fcss%2Fapp.css&_track_static%5B1%5D=http%3A%2F%2Flocalhost%3A4000%2Fassets%2Fjs%2Fapp.js&_mounts=0&_mount_attempts=0&_live_referer=undefined&vsn=2.0.0' failed: Error in connection establishment: net::ERR_CONNECTION_REFUSED @ http://localhost:4000/assets/js/app.js:2
[  173290ms] [ERROR] WebSocket connection to 'ws://localhost:4000/phoenix/live_reload/socket/websocket?vsn=2.0.0' failed: Error in connection establishment: net::ERR_CONNECTION_REFUSED @ http://localhost:4000/phoenix/live_reload/frame:1384
[  182167ms] [ERROR] WebSocket connection to 'ws://localhost:4000/phoenix/live_reload/socket/websocket?vsn=2.0.0' failed: Error in connection establishment: net::ERR_CONNECTION_REFUSED @ http://localhost:4000/phoenix/live_reload/frame:1384
[  189002ms] [ERROR] WebSocket connection to 'ws://localhost:4000/phoenix/live_reload/socket/websocket?vsn=2.0.0' failed: Error in connection establishment: net::ERR_CONNECTION_REFUSED @ http://localhost:4000/phoenix/live_reload/frame:1384
[  195125ms] [ERROR] WebSocket connection to 'ws://localhost:4000/phoenix/live_reload/socket/websocket?vsn=2.0.0' failed: Error in connection establishment: net::ERR_CONNECTION_REFUSED @ http://localhost:4000/phoenix/live_reload/frame:1384
[  197438ms] [ERROR] WebSocket connection to 'ws://localhost:4000/live/websocket?_csrf_token=DBIqYTkiBGUNA1YKHTFfeB9AN0VXMVoJFuP1IHB5hZ2_ia8-wtGvcCk1&_track_static%5B0%5D=http%3A%2F%2Flocalhost%3A4000%2Fassets%2Fcss%2Fapp.css&_track_static%5B1%5D=http%3A%2F%2Flocalhost%3A4000%2Fassets%2Fjs%2Fapp.js&_mounts=0&_mount_attempts=0&_live_referer=undefined&vsn=2.0.0' failed: Error in connection establishment: net::ERR_CONNECTION_REFUSED @ http://localhost:4000/assets/js/app.js:2
[  205107ms] [ERROR] WebSocket connection to 'ws://localhost:4000/phoenix/live_reload/socket/websocket?vsn=2.0.0' failed: Error in connection establishment: net::ERR_CONNECTION_REFUSED @ http://localhost:4000/phoenix/live_reload/frame:1384
[  213664ms] [ERROR] WebSocket connection to 'ws://localhost:4000/phoenix/live_reload/socket/websocket?vsn=2.0.0' failed: Error in connection establishment: net::ERR_CONNECTION_REFUSED @ http://localhost:4000/phoenix/live_reload/frame:1384
[  222594ms] [ERROR] WebSocket connection to 'ws://localhost:4000/phoenix/live_reload/socket/websocket?vsn=2.0.0' failed: Error in connection establishment: net::ERR_CONNECTION_REFUSED @ http://localhost:4000/phoenix/live_reload/frame:1384
[  231402ms] [ERROR] WebSocket connection to 'ws://localhost:4000/live/websocket?_csrf_token=DBIqYTkiBGUNA1YKHTFfeB9AN0VXMVoJFuP1IHB5hZ2_ia8-wtGvcCk1&_track_static%5B0%5D=http%3A%2F%2Flocalhost%3A4000%2Fassets%2Fcss%2Fapp.css&_track_static%5B1%5D=http%3A%2F%2Flocalhost%3A4000%2Fassets%2Fjs%2Fapp.js&_mounts=0&_mount_attempts=0&_live_referer=undefined&vsn=2.0.0' failed: Error in connection establishment: net::ERR_CONNECTION_REFUSED @ http://localhost:4000/assets/js/app.js:2
[  231714ms] [ERROR] WebSocket connection to 'ws://localhost:4000/phoenix/live_reload/socket/websocket?vsn=2.0.0' failed: Error in connection establishment: net::ERR_CONNECTION_REFUSED @ http://localhost:4000/phoenix/live_reload/frame:1384
[  238368ms] [ERROR] WebSocket connection to 'ws://localhost:4000/phoenix/live_reload/socket/websocket?vsn=2.0.0' failed: Error in connection establishment: net::ERR_CONNECTION_REFUSED @ http://localhost:4000/phoenix/live_reload/frame:1384
[  243369ms] [ERROR] WebSocket connection to 'ws://localhost:4000/phoenix/live_reload/socket/websocket?vsn=2.0.0' failed: Error in connection establishment: net::ERR_CONNECTION_REFUSED @ http://localhost:4000/phoenix/live_reload/frame:1384
[  248370ms] [ERROR] WebSocket connection to 'ws://localhost:4000/phoenix/live_reload/socket/websocket?vsn=2.0.0' failed: Error in connection establishment: net::ERR_CONNECTION_REFUSED @ http://localhost:4000/phoenix/live_reload/frame:1384
[  253371ms] [ERROR] WebSocket connection to 'ws://localhost:4000/phoenix/live_reload/socket/websocket?vsn=2.0.0' failed: Error in connection establishment: net::ERR_CONNECTION_REFUSED @ http://localhost:4000/phoenix/live_reload/frame:1384
[  258372ms] [ERROR] WebSocket connection to 'ws://localhost:4000/phoenix/live_reload/socket/websocket?vsn=2.0.0' failed: Error in connection establishment: net::ERR_CONNECTION_REFUSED @ http://localhost:4000/phoenix/live_reload/frame:1384
[  261404ms] [ERROR] WebSocket connection to 'ws://localhost:4000/live/websocket?_csrf_token=DBIqYTkiBGUNA1YKHTFfeB9AN0VXMVoJFuP1IHB5hZ2_ia8-wtGvcCk1&_track_static%5B0%5D=http%3A%2F%2Flocalhost%3A4000%2Fassets%2Fcss%2Fapp.css&_track_static%5B1%5D=http%3A%2F%2Flocalhost%3A4000%2Fassets%2Fjs%2Fapp.js&_mounts=0&_mount_attempts=0&_live_referer=undefined&vsn=2.0.0' failed: Error in connection establishment: net::ERR_CONNECTION_REFUSED @ http://localhost:4000/assets/js/app.js:2
[  263381ms] [ERROR] WebSocket connection to 'ws://localhost:4000/phoenix/live_reload/socket/websocket?vsn=2.0.0' failed: Error in connection establishment: net::ERR_CONNECTION_REFUSED @ http://localhost:4000/phoenix/live_reload/frame:1384
[  268391ms] [ERROR] WebSocket connection to 'ws://localhost:4000/phoenix/live_reload/socket/websocket?vsn=2.0.0' failed: Error in connection establishment: net::ERR_CONNECTION_REFUSED @ http://localhost:4000/phoenix/live_reload/frame:1384
[  273397ms] [ERROR] WebSocket connection to 'ws://localhost:4000/phoenix/live_reload/socket/websocket?vsn=2.0.0' failed: Error in connection establishment: net::ERR_CONNECTION_REFUSED @ http://localhost:4000/phoenix/live_reload/frame:1384
[  278436ms] [ERROR] WebSocket connection to 'ws://localhost:4000/phoenix/live_reload/socket/websocket?vsn=2.0.0' failed: Error in connection establishment: net::ERR_CONNECTION_REFUSED @ http://localhost:4000/phoenix/live_reload/frame:1384
[  283510ms] [ERROR] WebSocket connection to 'ws://localhost:4000/phoenix/live_reload/socket/websocket?vsn=2.0.0' failed: Error in connection establishment: net::ERR_CONNECTION_REFUSED @ http://localhost:4000/phoenix/live_reload/frame:1384
[  288646ms] [ERROR] WebSocket connection to 'ws://localhost:4000/phoenix/live_reload/socket/websocket?vsn=2.0.0' failed: Error in connection establishment: net::ERR_CONNECTION_REFUSED @ http://localhost:4000/phoenix/live_reload/frame:1384
[  291473ms] [ERROR] WebSocket connection to 'ws://localhost:4000/live/websocket?_csrf_token=DBIqYTkiBGUNA1YKHTFfeB9AN0VXMVoJFuP1IHB5hZ2_ia8-wtGvcCk1&_track_static%5B0%5D=http%3A%2F%2Flocalhost%3A4000%2Fassets%2Fcss%2Fapp.css&_track_static%5B1%5D=http%3A%2F%2Flocalhost%3A4000%2Fassets%2Fjs%2Fapp.js&_mounts=0&_mount_attempts=0&_live_referer=undefined&vsn=2.0.0' failed: Error in connection establishment: net::ERR_CONNECTION_REFUSED @ http://localhost:4000/assets/js/app.js:2
[  293989ms] [ERROR] WebSocket connection to 'ws://localhost:4000/phoenix/live_reload/socket/websocket?vsn=2.0.0' failed: Error in connection establishment: net::ERR_CONNECTION_REFUSED @ http://localhost:4000/phoenix/live_reload/frame:1384
[  300185ms] [ERROR] WebSocket connection to 'ws://localhost:4000/phoenix/live_reload/socket/websocket?vsn=2.0.0' failed: Error in connection establishment: net::ERR_CONNECTION_REFUSED @ http://localhost:4000/phoenix/live_reload/frame:1384
