[    1054ms] [LOG] phx-GMstiJri42U54QcB mount:  -  {0: Object, p: Object, s: 27, t: null} @ http://localhost:4000/assets/js/app.js:2
[   19759ms] [LOG] phx-GMstjQP2SGo3cQDG mount:  -  {0: Object, p: Object, s: 27, t: null} @ http://localhost:4000/assets/js/app.js:2
[   78512ms] [ERROR] WebSocket connection to 'ws://localhost:4000/phoenix/live_reload/socket/websocket?vsn=2.0.0' failed: Error in connection establishment: net::ERR_CONNECTION_REFUSED @ http://localhost:4000/phoenix/live_reload/frame:1384
[   78563ms] [ERROR] WebSocket connection to 'ws://localhost:4000/phoenix/live_reload/socket/websocket?vsn=2.0.0' failed: Error in connection establishment: net::ERR_CONNECTION_REFUSED @ http://localhost:4000/phoenix/live_reload/frame:1384
[   78664ms] [ERROR] WebSocket connection to 'ws://localhost:4000/phoenix/live_reload/socket/websocket?vsn=2.0.0' failed: Error in connection establishment: net::ERR_CONNECTION_REFUSED @ http://localhost:4000/phoenix/live_reload/frame:1384
[   78816ms] [ERROR] WebSocket connection to 'ws://localhost:4000/phoenix/live_reload/socket/websocket?vsn=2.0.0' failed: Error in connection establishment: net::ERR_CONNECTION_REFUSED @ http://localhost:4000/phoenix/live_reload/frame:1384
[   79017ms] [ERROR] WebSocket connection to 'ws://localhost:4000/phoenix/live_reload/socket/websocket?vsn=2.0.0' failed: Error in connection establishment: net::ERR_CONNECTION_REFUSED @ http://localhost:4000/phoenix/live_reload/frame:1384
[   79268ms] [ERROR] WebSocket connection to 'ws://localhost:4000/phoenix/live_reload/socket/websocket?vsn=2.0.0' failed: Error in connection establishment: net::ERR_CONNECTION_REFUSED @ http://localhost:4000/phoenix/live_reload/frame:1384
[   79769ms] [ERROR] WebSocket connection to 'ws://localhost:4000/phoenix/live_reload/socket/websocket?vsn=2.0.0' failed: Error in connection establishment: net::ERR_CONNECTION_REFUSED @ http://localhost:4000/phoenix/live_reload/frame:1384
[   80770ms] [ERROR] WebSocket connection to 'ws://localhost:4000/phoenix/live_reload/socket/websocket?vsn=2.0.0' failed: Error in connection establishment: net::ERR_CONNECTION_REFUSED @ http://localhost:4000/phoenix/live_reload/frame:1384
[   80810ms] [ERROR] WebSocket connection to 'ws://localhost:4000/live/websocket?_csrf_token=egENBCQZHhc9PQ4hGBw4BlhaA2xDInJA0fwTTsXGXdjtlL_S0ns_wPCx&_track_static%5B0%5D=http%3A%2F%2Flocalhost%3A4000%2Fassets%2Fcss%2Fapp.css&_track_static%5B1%5D=http%3A%2F%2Flocalhost%3A4000%2Fassets%2Fjs%2Fapp.js&_mounts=0&_mount_attempts=0&_live_referer=undefined&vsn=2.0.0' failed: Error in connection establishment: net::ERR_CONNECTION_REFUSED @ http://localhost:4000/assets/js/app.js:2
[   82771ms] [ERROR] WebSocket connection to 'ws://localhost:4000/phoenix/live_reload/socket/websocket?vsn=2.0.0' failed: Error in connection establishment: net::ERR_CONNECTION_REFUSED @ http://localhost:4000/phoenix/live_reload/frame:1384
[   84934ms] [ERROR] WebSocket connection to 'ws://localhost:4000/live/websocket?_csrf_token=egENBCQZHhc9PQ4hGBw4BlhaA2xDInJA0fwTTsXGXdjtlL_S0ns_wPCx&_track_static%5B0%5D=http%3A%2F%2Flocalhost%3A4000%2Fassets%2Fcss%2Fapp.css&_track_static%5B1%5D=http%3A%2F%2Flocalhost%3A4000%2Fassets%2Fjs%2Fapp.js&_mounts=0&_mount_attempts=0&_live_referer=undefined&vsn=2.0.0' failed: Error in connection establishment: net::ERR_CONNECTION_REFUSED @ http://localhost:4000/assets/js/app.js:2
[   87772ms] [ERROR] WebSocket connection to 'ws://localhost:4000/phoenix/live_reload/socket/websocket?vsn=2.0.0' failed: Error in connection establishment: net::ERR_CONNECTION_REFUSED @ http://localhost:4000/phoenix/live_reload/frame:1384
[   92773ms] [ERROR] WebSocket connection to 'ws://localhost:4000/phoenix/live_reload/socket/websocket?vsn=2.0.0' failed: Error in connection establishment: net::ERR_CONNECTION_REFUSED @ http://localhost:4000/phoenix/live_reload/frame:1384
[   93409ms] [ERROR] WebSocket connection to 'ws://localhost:4000/live/websocket?_csrf_token=egENBCQZHhc9PQ4hGBw4BlhaA2xDInJA0fwTTsXGXdjtlL_S0ns_wPCx&_track_static%5B0%5D=http%3A%2F%2Flocalhost%3A4000%2Fassets%2Fcss%2Fapp.css&_track_static%5B1%5D=http%3A%2F%2Flocalhost%3A4000%2Fassets%2Fjs%2Fapp.js&_mounts=0&_mount_attempts=0&_live_referer=undefined&vsn=2.0.0' failed: Error in connection establishment: net::ERR_CONNECTION_REFUSED @ http://localhost:4000/assets/js/app.js:2
[   97775ms] [ERROR] WebSocket connection to 'ws://localhost:4000/phoenix/live_reload/socket/websocket?vsn=2.0.0' failed: Error in connection establishment: net::ERR_CONNECTION_REFUSED @ http://localhost:4000/phoenix/live_reload/frame:1384
[  102776ms] [ERROR] WebSocket connection to 'ws://localhost:4000/phoenix/live_reload/socket/websocket?vsn=2.0.0' failed: Error in connection establishment: net::ERR_CONNECTION_REFUSED @ http://localhost:4000/phoenix/live_reload/frame:1384
[  107777ms] [ERROR] WebSocket connection to 'ws://localhost:4000/phoenix/live_reload/socket/websocket?vsn=2.0.0' failed: Error in connection establishment: net::ERR_CONNECTION_REFUSED @ http://localhost:4000/phoenix/live_reload/frame:1384
[  109570ms] [ERROR] WebSocket connection to 'ws://localhost:4000/live/websocket?_csrf_token=egENBCQZHhc9PQ4hGBw4BlhaA2xDInJA0fwTTsXGXdjtlL_S0ns_wPCx&_track_static%5B0%5D=http%3A%2F%2Flocalhost%3A4000%2Fassets%2Fcss%2Fapp.css&_track_static%5B1%5D=http%3A%2F%2Flocalhost%3A4000%2Fassets%2Fjs%2Fapp.js&_mounts=0&_mount_attempts=0&_live_referer=undefined&vsn=2.0.0' failed: Error in connection establishment: net::ERR_CONNECTION_REFUSED @ http://localhost:4000/assets/js/app.js:2
[  112779ms] [ERROR] WebSocket connection to 'ws://localhost:4000/phoenix/live_reload/socket/websocket?vsn=2.0.0' failed: Error in connection establishment: net::ERR_CONNECTION_REFUSED @ http://localhost:4000/phoenix/live_reload/frame:1384
[  117780ms] [ERROR] WebSocket connection to 'ws://localhost:4000/phoenix/live_reload/socket/websocket?vsn=2.0.0' failed: Error in connection establishment: net::ERR_CONNECTION_REFUSED @ http://localhost:4000/phoenix/live_reload/frame:1384
[  122781ms] [ERROR] WebSocket connection to 'ws://localhost:4000/phoenix/live_reload/socket/websocket?vsn=2.0.0' failed: Error in connection establishment: net::ERR_CONNECTION_REFUSED @ http://localhost:4000/phoenix/live_reload/frame:1384
[  127783ms] [ERROR] WebSocket connection to 'ws://localhost:4000/phoenix/live_reload/socket/websocket?vsn=2.0.0' failed: Error in connection establishment: net::ERR_CONNECTION_REFUSED @ http://localhost:4000/phoenix/live_reload/frame:1384
[  132787ms] [ERROR] WebSocket connection to 'ws://localhost:4000/phoenix/live_reload/socket/websocket?vsn=2.0.0' failed: Error in connection establishment: net::ERR_CONNECTION_REFUSED @ http://localhost:4000/phoenix/live_reload/frame:1384
[  137790ms] [ERROR] WebSocket connection to 'ws://localhost:4000/phoenix/live_reload/socket/websocket?vsn=2.0.0' failed: Error in connection establishment: net::ERR_CONNECTION_REFUSED @ http://localhost:4000/phoenix/live_reload/frame:1384
[  139571ms] [ERROR] WebSocket connection to 'ws://localhost:4000/live/websocket?_csrf_token=egENBCQZHhc9PQ4hGBw4BlhaA2xDInJA0fwTTsXGXdjtlL_S0ns_wPCx&_track_static%5B0%5D=http%3A%2F%2Flocalhost%3A4000%2Fassets%2Fcss%2Fapp.css&_track_static%5B1%5D=http%3A%2F%2Flocalhost%3A4000%2Fassets%2Fjs%2Fapp.js&_mounts=0&_mount_attempts=0&_live_referer=undefined&vsn=2.0.0' failed: Error in connection establishment: net::ERR_CONNECTION_REFUSED @ http://localhost:4000/assets/js/app.js:2
[  142795ms] [ERROR] WebSocket connection to 'ws://localhost:4000/phoenix/live_reload/socket/websocket?vsn=2.0.0' failed: Error in connection establishment: net::ERR_CONNECTION_REFUSED @ http://localhost:4000/phoenix/live_reload/frame:1384
[  147799ms] [ERROR] WebSocket connection to 'ws://localhost:4000/phoenix/live_reload/socket/websocket?vsn=2.0.0' failed: Error in connection establishment: net::ERR_CONNECTION_REFUSED @ http://localhost:4000/phoenix/live_reload/frame:1384
[  152800ms] [ERROR] WebSocket connection to 'ws://localhost:4000/phoenix/live_reload/socket/websocket?vsn=2.0.0' failed: Error in connection establishment: net::ERR_CONNECTION_REFUSED @ http://localhost:4000/phoenix/live_reload/frame:1384
[  157802ms] [ERROR] WebSocket connection to 'ws://localhost:4000/phoenix/live_reload/socket/websocket?vsn=2.0.0' failed: Error in connection establishment: net::ERR_CONNECTION_REFUSED @ http://localhost:4000/phoenix/live_reload/frame:1384
[  162803ms] [ERROR] WebSocket connection to 'ws://localhost:4000/phoenix/live_reload/socket/websocket?vsn=2.0.0' failed: Error in connection establishment: net::ERR_CONNECTION_REFUSED @ http://localhost:4000/phoenix/live_reload/frame:1384
[  167804ms] [ERROR] WebSocket connection to 'ws://localhost:4000/phoenix/live_reload/socket/websocket?vsn=2.0.0' failed: Error in connection establishment: net::ERR_CONNECTION_REFUSED @ http://localhost:4000/phoenix/live_reload/frame:1384
[  169574ms] [ERROR] WebSocket connection to 'ws://localhost:4000/live/websocket?_csrf_token=egENBCQZHhc9PQ4hGBw4BlhaA2xDInJA0fwTTsXGXdjtlL_S0ns_wPCx&_track_static%5B0%5D=http%3A%2F%2Flocalhost%3A4000%2Fassets%2Fcss%2Fapp.css&_track_static%5B1%5D=http%3A%2F%2Flocalhost%3A4000%2Fassets%2Fjs%2Fapp.js&_mounts=0&_mount_attempts=0&_live_referer=undefined&vsn=2.0.0' failed: Error in connection establishment: net::ERR_CONNECTION_REFUSED @ http://localhost:4000/assets/js/app.js:2
[  172807ms] [ERROR] WebSocket connection to 'ws://localhost:4000/phoenix/live_reload/socket/websocket?vsn=2.0.0' failed: Error in connection establishment: net::ERR_CONNECTION_REFUSED @ http://localhost:4000/phoenix/live_reload/frame:1384
[  177812ms] [ERROR] WebSocket connection to 'ws://localhost:4000/phoenix/live_reload/socket/websocket?vsn=2.0.0' failed: Error in connection establishment: net::ERR_CONNECTION_REFUSED @ http://localhost:4000/phoenix/live_reload/frame:1384
[  182830ms] [ERROR] WebSocket connection to 'ws://localhost:4000/phoenix/live_reload/socket/websocket?vsn=2.0.0' failed: Error in connection establishment: net::ERR_CONNECTION_REFUSED @ http://localhost:4000/phoenix/live_reload/frame:1384
[  187849ms] [ERROR] WebSocket connection to 'ws://localhost:4000/phoenix/live_reload/socket/websocket?vsn=2.0.0' failed: Error in connection establishment: net::ERR_CONNECTION_REFUSED @ http://localhost:4000/phoenix/live_reload/frame:1384
[  192906ms] [ERROR] WebSocket connection to 'ws://localhost:4000/phoenix/live_reload/socket/websocket?vsn=2.0.0' failed: Error in connection establishment: net::ERR_CONNECTION_REFUSED @ http://localhost:4000/phoenix/live_reload/frame:1384
[  198020ms] [ERROR] WebSocket connection to 'ws://localhost:4000/phoenix/live_reload/socket/websocket?vsn=2.0.0' failed: Error in connection establishment: net::ERR_CONNECTION_REFUSED @ http://localhost:4000/phoenix/live_reload/frame:1384
[  199741ms] [ERROR] WebSocket connection to 'ws://localhost:4000/live/websocket?_csrf_token=egENBCQZHhc9PQ4hGBw4BlhaA2xDInJA0fwTTsXGXdjtlL_S0ns_wPCx&_track_static%5B0%5D=http%3A%2F%2Flocalhost%3A4000%2Fassets%2Fcss%2Fapp.css&_track_static%5B1%5D=http%3A%2F%2Flocalhost%3A4000%2Fassets%2Fjs%2Fapp.js&_mounts=0&_mount_attempts=0&_live_referer=undefined&vsn=2.0.0' failed: Error in connection establishment: net::ERR_CONNECTION_REFUSED @ http://localhost:4000/assets/js/app.js:2
[  203525ms] [ERROR] WebSocket connection to 'ws://localhost:4000/phoenix/live_reload/socket/websocket?vsn=2.0.0' failed: Error in connection establishment: net::ERR_CONNECTION_REFUSED @ http://localhost:4000/phoenix/live_reload/frame:1384
[  209406ms] [ERROR] WebSocket connection to 'ws://localhost:4000/phoenix/live_reload/socket/websocket?vsn=2.0.0' failed: Error in connection establishment: net::ERR_CONNECTION_REFUSED @ http://localhost:4000/phoenix/live_reload/frame:1384
